[backblue.gif]
[fade.gif]
[index.html]
[www.megastudy.net/common/css/style3948.css]
[img.megastudy.net/common/mega_57.png]
[img.megastudy.net/common/mega_72.png]
[img.megastudy.net/common/mega_114.png]
[www.megastudy.net/Common/css/board_2011.css]
[www.megastudy.net/Common/js/lecture4e3d.js]
[img.megastudy.net/main/2015/bg_study1.gif]
[img.megastudy.net/main/2018_v2/bt_topRightPrev2.gif]
[img.megastudy.net/main/2018_v2/bt_topRightNext2.gif]
[img.megastudy.net/Entinfo/exam/2018/ico_tit_arr.gif]
[img.megastudy.net/Entinfo/2018_jiwon/bg_step.gif]
[img.megastudy.net/Entinfo/2021_jungsi/ic_szoom.gif]
[img.megastudy.net/Entinfo/2021_jungsi/ic_szoom_on.gif]
[img.megastudy.net/main/2015/bg_subjectMenu3.gif]
[img.megastudy.net/main/2015/bg_cast_9mp_160811.gif]
[img.megastudy.net/main/2015/bg_tabMenu2.gif]
[img.megastudy.net/main/2016/ic_bestofbest.gif]
[img.megastudy.net/main/2015/bg_subjectMenu.gif]
[img.megastudy.net/main/2015/num_best1.gif]
[img.megastudy.net/main/2015/num_best2.gif]
[img.megastudy.net/main/2015/num_best3.gif]
[img.megastudy.net/main/2015/num_best4.gif]
[img.megastudy.net/main/2015/num_best5.gif]
[img.megastudy.net/teacher_v2/bbs/arr_of.gif]
[img.megastudy.net/main/2015/arr_on.gif]
[img.megastudy.net/main/2015/ic_russel.gif]
[img.megastudy.net/main/2021/bg_smartzone_itm.jpg]
[img.megastudy.net/main/2015/bg_smartZone.gif]
[img.megastudy.net/main/2021/bg_customitem_220929.jpg]
[img.megastudy.net/main/2015/li_app.gif]
[img.megastudy.net/main/2015/li_megaNumOne.gif]
[img.megastudy.net/main/2015/ic_lyrmore.gif]
[img.megastudy.net/main/2015/num_bestb1.gif]
[img.megastudy.net/main/2015/num_bestb2.gif]
[img.megastudy.net/main/2015/num_bestb3.gif]
[img.megastudy.net/main/2015/num_bestb4.gif]
[img.megastudy.net/main/2015/num_bestb5.gif]
[img.megastudy.net/main/2015/btn_bobcls.gif]
[img.megastudy.net/main/2016/ic_subTitle.gif]
[img.megastudy.net/main/2019/ic_bestofbest.gif]
[img.megastudy.net/main/2019/ic_bestofbest_on.gif]
[img.megastudy.net/main/2018/btn_lecturePager.png]
[img.megastudy.net/main/2018/img_lectureTit.jpg]
[img.megastudy.net/main/2018/ico_lec_type_off.gif]
[img.megastudy.net/main/2018/ico_lec_type_on.gif]
[img.megastudy.net/main/2018/ico_lec_type_all.gif]
[img.megastudy.net/main/2019/ic_megaCast.gif]
[img.megastudy.net/main/2019/ic_megaCast2.gif]
[img.megastudy.net/main/2019/bg_mVideoAll.gif]
[img.megastudy.net/main/2019/bg_subscribe.gif]
[img.megastudy.net/main/2019/ic_youTube.gif]
[img.megastudy.net/main/2023/ic_mirae.gif]
[img.megastudy.net/main/2023/ic_megaRun2.gif]
[img.megastudy.net/main/2023/ic_mission1.gif]
[img.megastudy.net/main/2023/ic_mission2.gif]
[img.megastudy.net/main/2023/ic_mission3.gif]
[img.megastudy.net/main/2023/ic_mission4.gif]
[img.megastudy.net/main/2024/ic_tit_revision.gif]
[img.megastudy.net/main/2024/ic_tit_review.gif]
[img.megastudy.net/main/2024/ic_tit_recom.gif]
[img.megastudy.net/main/2024/ic_update.png]
[img.megastudy.net/main/2024/ic_more_arrow.png]
[img.megastudy.net/main/2024/btn_ban_slide_arrow.gif]
[img.megastudy.net/main/2024/ic_edu_hot_point01.png]
[img.megastudy.net/main/2024/ic_edu_hot_point02.png]
[img.megastudy.net/Main/banner/ban_20250108_exam.jpg]
[img.megastudy.net/Main/banner/ban_250318_mp1.jpg]
[www.megastudy.net/common/js/tui/tui-code-snippet.js]
[www.megastudy.net/common/js/tui/ua-parser.min.js]
[www.megastudy.net/common/js/tui/tui-app-loader.min.js]
[www.megastudy.net/common/js/megastudy00b1.js]
[www.megastudy.net/common/js/jquery/jquery-latest_header.js]
[www.megastudy.net/common/js/login3948.js]
[www.megastudy.net/common/js/search/akc_v2_quick.js]
[www.megastudy.net/Common/js/jquery/Plugins/jquery.bxslider.js]
[www.megastudy.net/Common/js/jquery/Plugins/jquery.cfSlider.js]
[www.megastudy.net/Common/js/jquery/Plugins/jquery.cycle.all.js]
[www.megastudy.net/Common/js/jquery/Plugins/jquery.slides.min.js]
[www.megastudy.net/Common/js/jquery/Plugins/jquery.vticker_15.js]
[dynamic.criteo.com/js/ld/ld31ab.js]
[img.megastudy.net/main/2015/ic_new2.gif]
[img.megastudy.net/main/2016/bt_mainLayer_close.gif]
[img.megastudy.net/main/common/img__switch.png]
[img.megastudy.net/main/common/img_switchBreand01.png]
[img.megastudy.net/main/common/img_switchBreand02.png]
[img.megastudy.net/main/common/img_switchBreand03.png]
[img.megastudy.net/main/common/img_switchBreand04.png]
[img.megastudy.net/main/common/img_switchBreand05.png]
[img.megastudy.net/main/common/img_switchBreand06.png]
[img.megastudy.net/main/common/login__btn--close.gif]
[www.megastudy.net/common/js/login.js]
[img.megastudy.net/main/common/img__login.gif]
[img.megastudy.net/main/common/logo_250313_1.jpg]
[img.megastudy.net/main/common/logo_250313_2.jpg]
[img.megastudy.net/Main/bnr_2025/bnr_top_250312_npy_1.jpg]
[img.megastudy.net/main/bnr_2025/bnr_top_250319_skb.jpg]
[img.megastudy.net/Main/scroll/sky_250318_qube2.jpg]
[img.megastudy.net/main/bnr_2024/bnr_top_250314_goal_1.jpg]
[img.megastudy.net/main/bnr_2025/bnr_top_250312_mevent.jpg]
[img.megastudy.net/Main/bnr_2025/bnr_top_250310_idea.jpg]
[img.megastudy.net/Main/bnr_2025/bnr_top_250310_mshop.jpg]
[img.megastudy.net/Main/bnr_2025/bnr_top_250214_dg1.jpg]
[img.megastudy.net/Main/bnr_2024/bnr_top_241111_iPad.jpg]
[img.megastudy.net/main/bnr_2024/bnr_top_241227_week.jpg]
[img.megastudy.net/main/bnr_2024/bnr_top_240422_bar7.jpg]
[img.megastudy.net/main/bnr_2024/bnr_top_240422_bar8.jpg]
[www.megastudy.net/Quick_Search/quick_search_ax.asp]
[img.megastudy.net/etc/popup/2024/0605/pop_new_class_open.jpg]
[img.megastudy.net/common/popup/bt_close.gif]
[img.megastudy.net/etc/popup/2024/0620/ico_mp.png]
[img.megastudy.net/main/banner/ban_250305_3hak2.jpg]
[img.megastudy.net/main/bnr_2025/bnr_main_250226_test.jpg]
[img.megastudy.net/main/bnr_2025/bnr_main_250306_go3.jpg]
[img.megastudy.net/main/bnr_2024/bnr_main_250207_nsu.jpg]
[img.megastudy.net/main/bnr_2024/bnr_main_250227_ko.jpg]
[img.megastudy.net/main/bnr_2025/bnr_main_250214_math1.jpg]
[img.megastudy.net/main/bnr_2025/bnr_main_250107_eng.jpg]
[img.megastudy.net/main/bnr_2024/bnr_main_241220_his2.jpg]
[img.megastudy.net/main/bnr_2024/bnr_main_241219_st2.jpg]
[img.megastudy.net/main/bnr_2025/bnr_main_250207_sci.jpg]
[img.megastudy.net/main/bnr_2024/bnr_mid_241223_mpt_2.jpg]
[img.megastudy.net/main/bnr_2021/bnr_mid_210331_susi.jpg]
[img.megastudy.net/main/bnr_2025/bnr_mid_250219_skm.jpg]
[img.megastudy.net/main/bnr_2025/bnr_mid_250218_math.jpg]
[img.megastudy.net/main/bnr_2024/bnr_mid_250117_kor.jpg]
[img.megastudy.net/main/bnr_2021/bnr_mid_211119_btm.jpg]
[img.megastudy.net/main/bnr_2024/bnr_mid_241209_sci.jpg]
[img.megastudy.net/main/bnr_2024/bnr_mid_241127_stc_2.jpg]
[img.megastudy.net/main/bnr_2025/bnr_group_250109_ebs2.jpg]
[img.megastudy.net/main/bnr_2025/bnr_group_250317_stn.jpg]
[img.megastudy.net/main/bnr_2025/bnr_group_250228_quel.jpg]
[img.megastudy.net/main/bnr_2025/bnr_group_250220_eg2.jpg]
[img.megastudy.net/main/bnr_2024/bnr_group_241209_bt2.jpg]
[img.megastudy.net/main/bnr_2024/bnr_group_241202_ss3.jpg]
[img.megastudy.net/main/2018_v2/bt_topRightPrev.gif]
[img.megastudy.net/main/2018_v2/bt_topRightNext.gif]
[www.megastudy.net/scroll/banner/inc_sky_banner_module_u658b.asp]
[www.megastudy.net/scroll/banner/inc_sky_banner_moduleecd3.asp]
[img.megastudy.net/campus/library/v2015/library/common/sky_170118_bnr_on.jpg]
[img.megastudy.net/campus/library/v2015/library/common/sky_170118_bnr_off.gif]
[www.megastudy.net/scroll/banner/inc_sky_banner_modulef4f1.asp]
[www.megastudy.net/scroll/banner/inc_sky_banner_module2b5a.asp]
[img.megastudy.net/main/2021/pic_t1_kmc.png]
[img.megastudy.net/main/2021/pic_t1_hwj.png]
[img.megastudy.net/Main/2021/pic_t1_jjs.png]
[img.megastudy.net/main/2021/pic_t1_ldj.png]
[img.megastudy.net/main/2021/pic_t3_lks.png]
[img.megastudy.net/main/2021/pic_t3_bkb.png]
[img.megastudy.net/main/2021/pic_t1_kdr.png]
[img.megastudy.net/main/2021/pic_t2_kdw.png]
[img.megastudy.net/main/2021/pic_t2_jht.png]
[img.megastudy.net/main/2021/pic_t2_ksh.png]
[img.megastudy.net/main/2021/pic_t2_kkh2.png]
[img.megastudy.net/main/2021/pic_t2_kse.png]
[img.megastudy.net/main/2018_v2/pic_t2_ysj.png]
[img.megastudy.net/main/2018_v2/pic_t2_kjy.png]
[img.megastudy.net/main/2021/pic_t2_kkc.png]
[img.megastudy.net/main/2021/pic_t2_kkh.png]
[img.megastudy.net/main/2021/pic_t2_kjw.png]
[img.megastudy.net/main/2021/pic_t3_ldj.png]
[img.megastudy.net/main/2021/pic_t3_kji.png]
[img.megastudy.net/main/2021/pic_t3_ysh.png]
[img.megastudy.net/main/2021/pic_t3_ksy.png]
[img.megastudy.net/main/2021/pic_t3_bh.png]
[img.megastudy.net/main/2021/pic_t3_ozh.png]
[img.megastudy.net/main/2021/pic_t2_kjd.png]
[img.megastudy.net/main/2021/pic_t2_jjs2.png]
[img.megastudy.net/main/2021/pic_t2_cwt.png]
[www.megastudy.net/Common/js/lecture.js]
[img.megastudy.net/main/2017/bg_cal_type_p.jpg]
[img.megastudy.net/main/2017/bg_cal_type_b.jpg]
[img.megastudy.net/main/2017/bg_n_month01.jpg]
[img.megastudy.net/main/2017/bg_n_month02.jpg]
[img.megastudy.net/main/2017/bg_cal_lct.png]
[img.megastudy.net/main/2017/bg_cal_book.png]
[img.megastudy.net/main/2017/bg_type_tab.gif]
[img.megastudy.net/main/common/ic_selectbox.gif]
[www.megastudy.net/common/js/boxsizing.htc]
[img.megastudy.net/main/2017/btn_list_view.gif]
[img.megastudy.net/main/2017/main_n_month_03.jpg]
[img.megastudy.net/main/2017/btn_lecture_down.jpg]
[img.megastudy.net/main/2017/main_n_month_tit.jpg]
[img.megastudy.net/main/2017/btn_lecture_up.jpg]
[img.megastudy.net/main/banner/bnr_250228_quelmain.jpg]
[img.megastudy.net/main/banner/ban_250313_book.jpg]
[www.megastudy.net/scroll/banner/inc_sky_banner_module6f49.asp]
[img.megastudy.net/main/scroll/sky_230406_offer.jpg]
[img.megastudy.net/main/scroll/app_pd.png]
[img.megastudy.net/main/scroll/sky_201105_biz.jpg]
[img.megastudy.net/main/scroll/sky_240930_conTit.jpg]
[img.megastudy.net/main/scroll/sky_240930_con01.jpg]
[img.megastudy.net/main/scroll/sky_240930_con02.jpg]
[img.megastudy.net/main/scroll/sky_240930_crimeTit.jpg]
[img.megastudy.net/main/scroll/sky_241218_crime.jpg]
[img.megastudy.net/main/scroll/sky_240930_crime01.jpg]
[img.megastudy.net/main/scroll/sky_240930_crime03.jpg]
[img.megastudy.net/main/scroll/sky_241125_crime04.jpg]
[www.megastudy.net/scroll/banner/inc_sky_banner_modulea6ae.asp]
[img.megastudy.net/Main/bnr_2025/bnr_event_250321_kdw1.jpg]
[img.megastudy.net/Main/bnr_2025/bnr_event_250318_kjy1.jpg]
[img.megastudy.net/main/bnr_2025/bnr_event_250311_jhg.jpg]
[img.megastudy.net/main/bnr_2025/bnr_event_250320_ksh.jpg]
[img.megastudy.net/Main/bnr_2025/bnr_event_250131_zp.jpg]
[img.megastudy.net/main/bnr_2025/bnr_250311_lwj_1.jpg]
[img.megastudy.net/main/bnr_2025/bnr_event_250319_ysj.jpg]
[img.megastudy.net/Main/bnr_2024/bnr_event_240201_ps.jpg]
[img.megastudy.net/Main/bnr_2025/bnr_event_250313_kkc_2.jpg]
[img.megastudy.net/main/banner/ban_aca1_250103.jpg]
[img.megastudy.net/main/banner/ban_aca2_250103.jpg]
[img.megastudy.net/main/banner/ban_aca3_250103.jpg]
[img.megastudy.net/main/2018_v2/bt_footerFamilyClose.gif]
[img.megastudy.net/main/2018_v2/img_megagroup28.gif]
[img.megastudy.net/main/2018_v2/img_megagroup01.gif]
[img.megastudy.net/main/2018_v2/img_megagroup02.gif]
[img.megastudy.net/main/2018_v2/img_megagroup18.gif]
[img.megastudy.net/main/2018_v2/img_megagroup12.gif]
[img.megastudy.net/main/2018_v2/img_megagroup27_241008.gif]
[img.megastudy.net/main/2018_v2/img_megagroup05.gif]
[img.megastudy.net/main/2018_v2/img_megagroup06.gif]
[img.megastudy.net/main/2018_v2/img_megagroup07.gif]
[img.megastudy.net/main/2018_v2/img_megagroup04.gif]
[img.megastudy.net/main/2018_v2/img_megagroup11.gif]
[img.megastudy.net/main/2018_v2/img_megagroup14.gif]
[img.megastudy.net/main/2018_v2/img_megagroup26.gif]
[img.megastudy.net/main/2018_v2/img_megagroup15.gif]
[img.megastudy.net/main/2018_v2/img_megagroup21.gif]
[img.megastudy.net/main/2018_v2/img_megagroup22.gif]
[img.megastudy.net/main/2018_v2/img_megagroup03.gif]
[img.megastudy.net/main/2018_v2/img_megagroup19.gif]
[img.megastudy.net/main/2017/pop_isms_230405.jpg]
[img.megastudy.net/main/2017/pop_clean.jpg]
[www.googleadservices.com/pagead/f.txt]
[www.google-analytics.com/analytics.js]
[connect.facebook.net/en_US/fbevents.js]
[cdn.megadata.co.kr/dist/prod/v2/mtmfb9d.js]
[t1.daumcdn.net/adfit/static/kp.js]
[wcs.naver.net/wcslog.js]
[www.megastudy.net/common/js/jquery/jquery.countdown.js]
[img.megastudy.net/main/2025/f_250318_lks.png]
[img.megastudy.net/help/main/2022/btn_support_main02.png]
[bb8-server-prod.okc1.opsnow.com/api/scripts/opsbot.min.js]
[www.megastudy.net/index.html]
[img.megastudy.net/Common/2012/bg_toparea_20121109.gif]
[img.megastudy.net/event/20110324_ranking/l_paging.png]
[img.megastudy.net/search/version_2011/l_search.gif]
[img.megastudy.net/search/version_2011/u_search.gif]
[img.megastudy.net/lecmain/mains/ic_lnb.gif]
[img.megastudy.net/lecmain/mains/ic_lnb_on.gif]
[img.megastudy.net/common/board_2011/l_layer_dotted_02.gif]
[img.megastudy.net/main/2018_v2/ic_footerFamily.gif]
[img.megastudy.net/main/2018_v2/bg_footerFamily.gif]
[img.megastudy.net/main/2015/bt_prev.gif]
[img.megastudy.net/main/2015/bt_next.gif]
[img.megastudy.net/main/2014_new/gnb/bgfooter2.png]
[img.megastudy.net/main/2018_v2/bg_foote_220928.gif]
[img.megastudy.net/common/menu/top/ic_arrow_on.gif]
[img.megastudy.net/common/btn/btn_mv_bg.gif]
[img.megastudy.net/common/board_2011/u_layer_03.gif]
[img.megastudy.net/main/2018_v2/ic_fullservice1.gif]
[img.megastudy.net/main/2018_v2/ic_fullservice2.gif]
[img.megastudy.net/main/2015/gnb_schbt.gif]
[img.megastudy.net/study_v2/cast/common/bg_reply_line.gif]
[img.megastudy.net/study_v2/cast/common/bg_repple_ico.gif]
[img.megastudy.net/main/2018/bg_hwjTopText.jpg]
[img.megastudy.net/main/common/sp_loginck.gif]
[img.megastudy.net/main/2018/gnb_schbt.gif]
[img.megastudy.net/main/2018/ico_comm.gif]
[img.megastudy.net/main/2018_v2/bg_quickMenuIcon_220609.gif]
[img.megastudy.net/main/2018_v2/bg_quickMenuIcon.gif]
[img.megastudy.net/common/popup/icon_warning.jpg]
[img.megastudy.net/main/2018_v2/bg_sns_2024.gif]
[img.megastudy.net/main/2018_v2/bt_megaCampaign.gif]
[img.megastudy.net/common/board_2019/bg_topSearch3_240422.png]
[img.megastudy.net/common/board_2019/btn_sch_close3.png]
[img.megastudy.net/common/board_2019/bg_topSearch3.png]
[img.megastudy.net/main/2018_v2/bg_hwjTopText.png]
[img.megastudy.net/main/2018_v2/bg_topSearch2_on.png]
[img.megastudy.net/main/2024/btn_fnb_top.png]
[img.megastudy.net/main/2024/btn_fnb_event.png]
[img.megastudy.net/main/2024/btn_fnb_evt_balloon.png]
[img.megastudy.net/main/2024/btn_fnb_buy.png]
[img.megastudy.net/main/2024/btn_fnb_buy_balloon.png]
[www.megastudy.net/common/css/style3948.css]
[img.megastudy.net/common/icon/icon03.gif]
[img.megastudy.net/common/board_2018/ic_lst.gif]
[img.megastudy.net/common/board_2018/sp_tbbtn.gif]
[img.megastudy.net/common/board_2018/btn_check.gif]
[img.megastudy.net/common/board_2018/btn_check_on.gif]
[img.megastudy.net/common/board_2018/btn_basket.gif]
[img.megastudy.net/common/board_2018/btn_basket_on.gif]
[img.megastudy.net/common/board_2018/btn_lyrcls.gif]
[img.megastudy.net/common/board_2018/ic_play.gif]
[img.megastudy.net/common/board_2018/ic_fav.png]
[img.megastudy.net/common/board_2018/tea_mask.png]
[img.megastudy.net/common/board_2018/tea_mask_pack.png]
[img.megastudy.net/common/board_2018/sp_star.gif]
[img.megastudy.net/lecmain/common/ic_associatedCourses.gif]
[img.megastudy.net/common/board_2018/ic_del.gif]
[www.megastudy.net/Common/css/board_2011.css]
[www.megastudy.net/Common/css/style.css]
[www.megastudy.net/Common/js/megastudy.js]
[www.megastudy.net/Common/js/actb.js]
[www.megastudy.net/Common/fonts/PretendardVariable.woff2]
[img.megastudy.net/event/2024/1114_br30721/bg_top.jpg]
[img.megastudy.net/event/2024/1114_br30721/bg_cont04_line.jpg]
[img.megastudy.net/event/2024/1114_br30721/bg_cont06.jpg]
[img.megastudy.net/main/2024/bu_nav_event.png]
[img.megastudy.net/event/2024/1114_br30721/img_slide_btn_prev.png]
[img.megastudy.net/event/2024/1114_br30721/img_slide_btn_next.png]
[img.megastudy.net/event/2024/1114_br30721/btn_vod.png]
[img.megastudy.net/event/2024/1114_br30721/btn_p_vod.png]
[img.megastudy.net/event/2024/1114_br30721/btn_vodopen.png]
[img.megastudy.net/event/2024/1114_br30721/btn_vodclose.png]
[img.megastudy.net/Main/banner/sky_r_250225_mp.png]
[img.megastudy.net/Main/banner/sky_r_250312_npy_3.png]
[img.megastudy.net/main/2024/img_fng_blank.png]
[img.megastudy.net/event/2024/1114_br30721/img_top_mainTit01.png]
[img.megastudy.net/event/2024/1114_br30721/img_top_mainTit02.png]
[img.megastudy.net/event/2024/1114_br30721/img_top_mainSub01.png]
[img.megastudy.net/event/2024/1114_br30721/img_top_mainSub02.png]
[img.megastudy.net/event/2024/1114_br30721/img_top_mainSubIco.png]
[img.megastudy.net/event/2024/1114_br30721/img_top_mainSub03.png]
[img.megastudy.net/event/2024/1114_br30721/img_top_mainSub04.png]
[img.megastudy.net/event/2024/1114_br30721/img_top_mainSub05.png]
[img.megastudy.net/event/2024/1114_br30721/bg_top_line.png]
[img.megastudy.net/event/2024/1114_br30721/img_cont0101.jpg]
[img.megastudy.net/event/2024/1114_br30721/img_cont0102.jpg]
[img.megastudy.net/event/2024/1114_br30721/img_cont0103_250218.jpg]
[img.megastudy.net/event/2024/1114_br30721/img_contSub0101.jpg]
[img.megastudy.net/event/2024/1114_br30721/img_contSub0102.jpg]
[img.megastudy.net/event/2024/1114_br30721/img_cont0201.jpg]
[img.megastudy.net/event/2024/1114_br30721/img_cont0202.jpg]
[img.megastudy.net/event/2024/1114_br30721/img_cont0203_250108.jpg]
[img.megastudy.net/event/2024/1114_br30721/img_cont0301.jpg]
[img.megastudy.net/event/2024/1114_br30721/img_cont0401.jpg]
[img.megastudy.net/event/2024/1114_br30721/img_cont0402.png]
[img.megastudy.net/event/2024/1114_br30721/img_cont0403.jpg]
[img.megastudy.net/event/2024/1114_br30721/img_contSub0401_250108.jpg]
[img.megastudy.net/event/2024/1114_br30721/pic_user29.png]
[img.megastudy.net/event/2024/1114_br30721/pic_user30.png]
[img.megastudy.net/event/2024/1114_br30721/pic_user31.png]
[img.megastudy.net/event/2024/1114_br30721/pic_user32.png]
[img.megastudy.net/event/2024/1114_br30721/pic_user28.png]
[img.megastudy.net/event/2024/1114_br30721/pic_user27.png]
[img.megastudy.net/event/2024/1114_br30721/pic_user26.png]
[img.megastudy.net/event/2024/1114_br30721/pic_user25.png]
[img.megastudy.net/event/2024/1114_br30721/pic_user24.png]
[img.megastudy.net/event/2024/1114_br30721/pic_user23.png]
[img.megastudy.net/event/2024/1114_br30721/pic_user22.png]
[img.megastudy.net/event/2024/1114_br30721/pic_user21.png]
[img.megastudy.net/event/2024/1114_br30721/pic_user20.png]
[img.megastudy.net/event/2024/1114_br30721/pic_user19.png]
[img.megastudy.net/event/2024/1114_br30721/pic_user18.png]
[img.megastudy.net/event/2024/1114_br30721/pic_user17.png]
[img.megastudy.net/event/2024/1114_br30721/pic_user16.png]
[img.megastudy.net/event/2024/1114_br30721/pic_user15.png]
[img.megastudy.net/event/2024/1114_br30721/pic_user14.png]
[img.megastudy.net/event/2024/1114_br30721/pic_user13.png]
[img.megastudy.net/event/2024/1114_br30721/pic_user12.png]
[img.megastudy.net/event/2024/1114_br30721/pic_user07.png]
[img.megastudy.net/event/2024/1114_br30721/pic_user10.png]
[img.megastudy.net/event/2024/1114_br30721/pic_user09.png]
[img.megastudy.net/event/2024/1114_br30721/pic_user08.png]
[img.megastudy.net/event/2024/1114_br30721/pic_user11.png]
[img.megastudy.net/event/2024/1114_br30721/pic_user06.png]
[img.megastudy.net/event/2024/1114_br30721/pic_user05.png]
[img.megastudy.net/event/2024/1114_br30721/pic_user04.png]
[img.megastudy.net/event/2024/1114_br30721/pic_user03.png]
[img.megastudy.net/event/2024/1114_br30721/pic_user02.png]
[img.megastudy.net/event/2024/1114_br30721/pic_user01.png]
[img.megastudy.net/event/2024/1114_br30721/img_cont0501.jpg]
[img.megastudy.net/event/2024/1114_br30721/img_cont0501_slide01.jpg]
[img.megastudy.net/event/2024/1114_br30721/img_cont0501_slide02.jpg]
[img.megastudy.net/event/2024/1114_br30721/img_cont0601.jpg]
[www.megastudy.net/event/2024/1114_br30721/main.html]
[img.megastudy.net/event/2024/1206_ss30750/co_cont0102_20241205.jpg]
[img.megastudy.net/event/2024/1206_ss30750/co_cont0107_20241226.jpg]
[img.megastudy.net/event/2024/1206_ss30750/co_cont0106_20241226.jpg]
[img.megastudy.net/event/2024/1206_ss30750/co_cont0104_20241205.jpg]
[img.megastudy.net/event/2024/1206_ss30750/co_cont0202.jpg]
[img.megastudy.net/event/2024/1206_ss30750/img_event0102_241223.png]
[img.megastudy.net/event/2024/1206_ss30750/ico_day_done.png]
[img.megastudy.net/event/2024/1206_ss30750/img_top_float.png]
[img.megastudy.net/event/2024/1206_ss30750/co_cont01.jpg]
[img.megastudy.net/event/2024/1206_ss30750/ico_mp.png]
[img.megastudy.net/event/2024/1206_ss30750/co_cont01_vod04_20241205.jpg]
[img.megastudy.net/event/2024/1206_ss30750/ico_mp2.png]
[img.megastudy.net/event/2024/1206_ss30750/co_cont01_vod01_20241205.jpg]
[img.megastudy.net/event/2024/1206_ss30750/co_cont01_vod02_20241205.jpg]
[img.megastudy.net/event/2024/1206_ss30750/co_cont01_vod03_20241205.jpg]
[img.megastudy.net/event/2024/1206_ss30750/co_cont0105.jpg]
[img.megastudy.net/event/2024/1206_ss30750/co_cont0201.jpg]
[www.megastudy.net/event/2024/1206_ss30750/main.html]
[www.megastudy.net/Common/css/style4439.css]
[img.megastudy.net/tpass/2025/0225_ps31484/btn_arrow_refund.png]
[img.megastudy.net/tpass/2025/0225_ps31484/bg_tab_menu_exclusive.jpg]
[img.megastudy.net/tpass/2025/0225_ps31484/bu_goods_check_bk.png]
[img.megastudy.net/tpass/2025/0225_ps31484/bu_goods_check_wh.png]
[img.megastudy.net/tpass/2025/0225_ps31484/ic_seoul.png]
[img.megastudy.net/tpass/2025/0225_ps31484/nav_quick_ipad_250225.jpg]
[img.megastudy.net/tpass/2025/0225_ps31484/img_top.png]
[img.megastudy.net/tpass/2025/0225_ps31484/img_cont01_tit.jpg]
[img.megastudy.net/tpass/2025/0225_ps31484/img_cont01_stu01_250304.jpg]
[img.megastudy.net/tpass/2025/0225_ps31484/img_cont01_stu02_250304.jpg]
[img.megastudy.net/tpass/2025/0225_ps31484/img_cont01_stu03_250304.jpg]
[img.megastudy.net/tpass/2025/0225_ps31484/img_cont01_stu04_250304.jpg]
[img.megastudy.net/tpass/2025/0225_ps31484/img_cont01_stu05.jpg]
[img.megastudy.net/tpass/2025/0225_ps31484/img_cont01_stu06.jpg]
[img.megastudy.net/tpass/2025/0225_ps31484/bt_update.jpg]
[img.megastudy.net/tpass/2025/0225_ps31484/img_cont02_tit.jpg]
[img.megastudy.net/tpass/2025/0225_ps31484/tab_cont0201.jpg]
[img.megastudy.net/tpass/2025/0225_ps31484/img_cont0202_250304.jpg]
[img.megastudy.net/tpass/2025/0225_ps31484/img_cont03_tit.jpg]
[img.megastudy.net/tpass/2025/0225_ps31484/img_cont0301_tit_250304.jpg]
[img.megastudy.net/tpass/2025/0225_ps31484/img_cont04_tit.jpg]
[img.megastudy.net/tpass/2025/0225_ps31484/img_cont0401.jpg]
[img.megastudy.net/tpass/2025/0225_ps31484/img_cont04_btn01.jpg]
[img.megastudy.net/tpass/2025/0225_ps31484/img_cont04_btn02.jpg]
[img.megastudy.net/tpass/2025/0225_ps31484/img_cont05_tit.jpg]
[img.megastudy.net/tpass/2025/0225_ps31484/img_tab_exclusive01.jpg]
[img.megastudy.net/tpass/2025/0225_ps31484/img_tab_exclusive02.jpg]
[img.megastudy.net/tpass/2025/0225_ps31484/img_tab_exclusive03.jpg]
[img.megastudy.net/tpass/2025/0225_ps31484/img_tab_exclusive04.jpg]
[img.megastudy.net/tpass/2025/0225_ps31484/img_tab_exclusive05.jpg]
[img.megastudy.net/tpass/2025/0225_ps31484/img_cont0503.jpg]
[img.megastudy.net/tpass/2025/0225_ps31484/img_goods_smartTab.png]
[img.megastudy.net/tpass/2025/0225_ps31484/img_cont6_megapt.jpg]
[img.megastudy.net/tpass/2025/0225_ps31484/img_inner01_cont08_tit.jpg]
[img.megastudy.net/tpass/2025/0225_ps31484/img_inner01_cont0801.jpg]
[img.megastudy.net/tpass/2025/0225_ps31484/img_inner01_cont0802.jpg]
[img.megastudy.net/tpass/2025/0225_ps31484/img_inner02_cont08_tit.jpg]
[img.megastudy.net/tpass/2025/0225_ps31484/img_inner02_cont0801.jpg]
[img.megastudy.net/tpass/2025/0225_ps31484/img_event0101_250318.jpg]
[img.megastudy.net/tpass/2025/0225_ps31484/img_evt_goods0101_250318.png]
[img.megastudy.net/tpass/2025/0225_ps31484/co_event01.jpg]
[www.megastudy.net/tpass/2025/0225_ps31484/main.html]
[img.megastudy.net/tpass/2024/1114_ps30666/btn_fprev.png]
[img.megastudy.net/tpass/2024/1114_ps30666/btn_fnext.png]
[img.megastudy.net/tpass/2024/1114_ps30666/bg_tab_menu_exclusive.jpg]
[img.megastudy.net/tpass/2024/1114_ps30666/bg_tab_exclusive_device.jpg]
[img.megastudy.net/tpass/2024/1114_ps30666/ico_goods_simbol.png]
[img.megastudy.net/tpass/2024/1114_ps30666/bu_goods_check_bk.png]
[img.megastudy.net/tpass/2024/1114_ps30666/bu_goods_check_wh.png]
[img.megastudy.net/tpass/2024/1114_ps30666/bu_goods_check_star.png]
[img.megastudy.net/tpass/2024/1114_ps30666/bg_topmotion.jpg]
[img.megastudy.net/tpass/2024/1114_ps30666/motion_resetbg.png]
[img.megastudy.net/tpass/2024/1114_ps30666/motion_tit01.png]
[img.megastudy.net/tpass/2024/1114_ps30666/btn_topagree.png]
[img.megastudy.net/tpass/2024/1114_ps30666/motion_txt01.png]
[img.megastudy.net/tpass/2024/1114_ps30666/motion_txt02.png]
[img.megastudy.net/tpass/2024/1114_ps30666/motion_txt03.png]
[img.megastudy.net/tpass/2024/1114_ps30666/motion_tit02.png]
[img.megastudy.net/tpass/2024/1114_ps30666/motion_tit03.png]
[img.megastudy.net/tpass/2024/1114_ps30666/motion_ic01.png]
[img.megastudy.net/tpass/2024/1114_ps30666/motion_ic02.png]
[img.megastudy.net/tpass/2024/1114_ps30666/motion_txt04.png]
[img.megastudy.net/tpass/2024/1114_ps30666/topBg--band--ic.png]
[img.megastudy.net/tpass/2024/1114_ps30666/img_evtcont01.jpg]
[img.megastudy.net/tpass/2024/1114_ps30666/img_evtcont02.jpg]
[img.megastudy.net/tpass/2024/1114_ps30666/img_evtcont08_250304.jpg]
[img.megastudy.net/tpass/2024/1114_ps30666/h_award.jpg]
[img.megastudy.net/tpass/2024/1114_ps30666/thumb_award01.png]
[img.megastudy.net/tpass/2024/1114_ps30666/thumb_award02.png]
[img.megastudy.net/tpass/2024/1114_ps30666/thumb_award03.png]
[img.megastudy.net/tpass/2024/1114_ps30666/thumb_award04.png]
[img.megastudy.net/tpass/2024/1114_ps30666/thumb_award05.png]
[img.megastudy.net/tpass/2024/1114_ps30666/thumb_award06.png]
[img.megastudy.net/tpass/2024/1114_ps30666/h_ns.jpg]
[img.megastudy.net/tpass/2024/1114_ps30666/img_stepcont.jpg]
[img.megastudy.net/tpass/2024/1114_ps30666/img_resultcase.jpg]
[img.megastudy.net/tpass/2024/1101_ps30658/img_goods_smartTab_241126.png]
[img.megastudy.net/tpass/2024/1114_ps30666/img_evtcont03.jpg]
[img.megastudy.net/tpass/2024/1114_ps30666/btn_refund_more.png]
[img.megastudy.net/tpass/2024/1114_ps30666/btn_refund_univ.png]
[img.megastudy.net/tpass/2024/1114_ps30666/img_cont0701.jpg]
[img.megastudy.net/tpass/2024/1114_ps30666/img_cont0702_250114.jpg]
[img.megastudy.net/tpass/2024/1114_ps30666/img_cont0703_250218.jpg]
[img.megastudy.net/tpass/2024/1114_ps30666/img_cont0704_250212.jpg]
[img.megastudy.net/tpass/2024/1114_ps30666/h_content.jpg]
[img.megastudy.net/tpass/2024/1114_ps30666/img_tab_exclusive01.jpg]
[img.megastudy.net/tpass/2024/1114_ps30666/img_tab_exclusive02.jpg]
[img.megastudy.net/tpass/2024/1114_ps30666/img_tab_exclusive03.jpg]
[img.megastudy.net/tpass/2024/1114_ps30666/img_tab_exclusive04.jpg]
[img.megastudy.net/tpass/2024/1114_ps30666/img_tab_exclusive05.jpg]
[img.megastudy.net/tpass/2024/1114_ps30666/img_bnr_meBook.jpg]
[img.megastudy.net/tpass/2024/1114_ps30666/img_bnr_megaPT.jpg]
[www.megastudy.net/tpass/2024/1114_ps30666/main.html]
[www.megastudy.net/common/data/main/search_keyword1cfcc.html]
[www.megastudy.net/common/data_view/main/searchKeyword78ea.html]
[www.googletagmanager.com/gtm5445.html]
[www.megastudy.net/teacher_v2/mlive/URLChecker.js]
[img.megastudy.net/teacher_v2/mlive/bg_spot.jpg]
[img.megastudy.net/teacher_v2/mlive/btn_fprev.png]
[img.megastudy.net/teacher_v2/mlive/btn_fnext.png]
[img.megastudy.net/teacher_v2/mlive/sp_livemenu.jpg]
[img.megastudy.net/teacher_v2/mlive/ic_calendar.gif]
[img.megastudy.net/teacher_v2/mlive/btn_fup.gif]
[img.megastudy.net/teacher_v2/mlive/btn_fdown.gif]
[img.megastudy.net/teacher_v2/mlive/ic_check.gif]
[img.megastudy.net/teacher_v2/mlive/btn_play.png]
[img.megastudy.net/teacher_v2/mlive/ic_filedown.gif]
[img.megastudy.net/teacher_v2/mlive/btn_relive_play.gif]
[img.megastudy.net/teacher_v2/mlive/btn_relive_mview.gif]
[img.megastudy.net/teacher_v2/mlive/nav_quick01.png]
[img.megastudy.net/teacher_v2/mlive/nav_quick02.png]
[img.megastudy.net/teacher_v2/mlive/nav_quick03.png]
[img.megastudy.net/teacher_v2/mlive/nav_top.png]
[img.megastudy.net/teacher_v2/mlive/h_tit.jpg]
[img.megastudy.net/teacher_v2/mlive/thumb_rolling.jpg]
[img.megastudy.net/teacher_v2/mlive/thumb_rolling2.jpg]
[img.megastudy.net/teacher_v2/mlive/thumb_rolling12.jpg]
[img.megastudy.net/teacher_v2/mlive/thumb_rolling3.jpg]
[img.megastudy.net/teacher_v2/mlive/thumb_rolling4.jpg]
[img.megastudy.net/teacher_v2/mlive/thumb_rolling16.jpg]
[img.megastudy.net/teacher_v2/mlive/thumb_rolling13.jpg]
[img.megastudy.net/teacher_v2/mlive/thumb_rolling5.jpg]
[img.megastudy.net/teacher_v2/mlive/thumb_rolling15.jpg]
[img.megastudy.net/teacher_v2/mlive/thumb_rolling6.jpg]
[img.megastudy.net/teacher_v2/mlive/thumb_rolling7.jpg]
[img.megastudy.net/teacher_v2/mlive/thumb_rolling9.jpg]
[img.megastudy.net/teacher_v2/mlive/thumb_rolling10.jpg]
[img.megastudy.net/teacher_v2/mlive/thumb_rolling14.jpg]
[img.megastudy.net/teacher_v2/mlive/thumb_rolling11.jpg]
[img.megastudy.net/teacher_v2/mlive/img_optcont.png]
[img.megastudy.net/teacher_v2/mlive/h_tab1.jpg]
[img.megastudy.net/teacher_v2/mlive/h_tab2.jpg]
[www.megastudy.net/teacher_v2/mlive/jquery-migrate-1.2.1.min.js]
[www.megastudy.net/teacher_v2/mlive/slick.js]
[www.megastudy.net/teacher_v2/mlive/main9213.html]
[img.megastudy.net/entinfo/main/banner_180123.jpg]
[img.megastudy.net/campaign/2019_study/bg_vod.jpg]
[img.megastudy.net/campaign/2019_study/img_top_231116.jpg]
[img.megastudy.net/campaign/2019_study/img_float.png]
[img.megastudy.net/campaign/2019_study/img_cont01_231116.jpg]
[www.megastudy.net/scroll/banner/inc_sky_banner_modulec214.asp]
[www.megastudy.net/campaign/2019_study/mainf9e4.html]
[www.megastudy.net/common/megastudy.ico]
[www.megastudy.net/Common/css/style4233.css]
[www.megastudy.net/common/js/megastudy-2.js]
[www.megastudy.net/common/js/kwd_filter.js]
[file.megastudy.net/FileServer/study/cast/member/20240328174750_158.jpg]
[file.megastudy.net/FileServer/study/cast/member/20240329102738_185.jpg]
[file.megastudy.net/FileServer/study/cast/member/20240328174253_105.jpg]
[file.megastudy.net/FileServer/study/cast/member/20240328181622_125.jpg]
[file.megastudy.net/FileServer/study/cast/member/20240328175846_121.jpg]
[file.megastudy.net/FileServer/study/cast/member/2024032818121_172.jpg]
[file.megastudy.net/FileServer/study/cast/member/20240328181328_109.jpg]
[img.megastudy.net/common/ic_list1.gif]
[file.megastudy.net/FileServer/study/cast/member/20240328173847_171.jpg]
[file.megastudy.net/FileServer/study/cast/member/20240329104336_193.png]
[img.megastudy.net/common/btn/icon_back.gif]
[img.megastudy.net/common/btn/icon_next.gif]
[www.megastudy.net/scroll/banner/inc_sky_banner_module6d3e.asp]
[www.megastudy.net/campaign/study/snote_list2c89.html]
[www.megastudy.net/Common/js/jquery/Plugins/jquery.ba-hashchange.js]
[www.megastudy.net/scroll/banner/inc_sky_banner_module2963.asp]
[www.megastudy.net/campaign/study/qcc_list3047.html]
[img.megastudy.net/campaign/2024_goal/bg_cpGoalTop.jpg]
[img.megastudy.net/campaign/2024_goal/bg_ico_meney_ticket.jpg]
[img.megastudy.net/campaign/2024_goal/ico_goalStatus01.png]
[img.megastudy.net/campaign/2024_goal/ico_goalStatus02.png]
[img.megastudy.net/campaign/2024_goal/bg_ico_step_arrow.png]
[img.megastudy.net/campaign/2024_goal/bg_ico_about_award.png]
[img.megastudy.net/campaign/2024_goal/bg_ico_descriptionGraphic01.png]
[img.megastudy.net/campaign/2024_goal/bg_ico_descriptionGraphic02.png]
[img.megastudy.net/campaign/2024_goal/bg_ico_descriptionGraphic03.png]
[img.megastudy.net/campaign/2024_goal/sub_area.jpg]
[img.megastudy.net/campaign/2024_goal/ico_benefit_gift.png]
[www.megastudy.net/scroll/banner/inc_sky_banner_modulec646.asp]
[www.megastudy.net/campaign/2024_goal/main8cf0.html]
[www.megastudy.net/campaign/2024_goal/main2858d.html]
[www.megastudy.net/common/css/style-2.css]
[www.megastudy.net/mypage/common/css/reset.css]
[www.megastudy.net/campaign/2024_goal/main35f5a.html]
[img.megastudy.net/campaign/2019_planner/bg.jpg]
[img.megastudy.net/campaign/planner/2024/bg_cpPlannerTop.jpg]
[img.megastudy.net/campaign/planner/2024/bg_ico_about_week.png]
[img.megastudy.net/campaign/planner/2024/bg_ico_about_awards.png]
[img.megastudy.net/campaign/planner/2024/bg_ico_step_arrow.png]
[img.megastudy.net/campaign/planner/2024/btn_slidePrev.png]
[img.megastudy.net/campaign/planner/2024/ic_clear.png]
[img.megastudy.net/campaign/2019_planner/tab_review.jpg]
[img.megastudy.net/campaign/2019_planner/tab_review2.jpg]
[img.megastudy.net/campaign/2019_planner/tab_review_on.jpg]
[img.megastudy.net/campaign/2019_planner/tab_review2_on.jpg]
[www.megastudy.net/campaign/planner/2024/common.js]
[img.megastudy.net/campaign/planner/2024/ico_step01.png]
[img.megastudy.net/campaign/planner/2024/ico_step02.png]
[img.megastudy.net/campaign/planner/2024/ico_step03.png]
[img.megastudy.net/campaign/planner/2024/plnner_11.jpg]
[img.megastudy.net/campaign/planner/2024/plnner_10.jpg]
[img.megastudy.net/campaign/planner/2024/plnner_09.jpg]
[img.megastudy.net/campaign/planner/2024/plnner_08.jpg]
[img.megastudy.net/campaign/planner/2024/plnner_07.jpg]
[img.megastudy.net/campaign/planner/2024/plnner_06.jpg]
[img.megastudy.net/campaign/planner/2024/plnner_05.jpg]
[img.megastudy.net/campaign/planner/2024/plnner_04.jpg]
[img.megastudy.net/campaign/planner/2024/plnner_03.jpg]
[img.megastudy.net/campaign/planner/2024/plnner_02.jpg]
[img.megastudy.net/campaign/planner/2024/btn_slideNext.png]
[www.megastudy.net/campaign/planner/2024/main1d376.html]
[www.megastudy.net/common/SmartEditor2/js/HuskyEZCreator.js]
[www.megastudy.net/campaign/planner/2024/main3a26c.html]
[www.megastudy.net/campaign/planner/2024/main2c134.html]
[img.megastudy.net/teacher_v2/main/t_pic2007/sns/face_megastudy.gif]
[www.megastudy.net/Common/css/style1bf3.css]
[img.megastudy.net/Event/2021/0310_hm23289/tab_bg.jpg]
[img.megastudy.net/Event/2021/0310_hm23289/h_tit.jpg]
[img.megastudy.net/Event/2021/0310_hm23289/img_tab0101_240103.jpg]
[img.megastudy.net/Event/2021/0310_hm23289/bt_apply01.jpg]
[img.megastudy.net/Event/2021/0310_hm23289/bt_apply02.jpg]
[img.megastudy.net/Event/2021/0310_hm23289/img_tab0102_240103.jpg]
[img.megastudy.net/Event/2021/0310_hm23289/img_tab0201_240103.jpg]
[img.megastudy.net/Event/2021/0310_hm23289/img_tab0202_240103.jpg]
[img.megastudy.net/Event/2021/0310_hm23289/bt_apply.png]
[img.megastudy.net/Event/2021/0310_hm23289/img_tab0203.jpg]
[img.megastudy.net/Event/2021/0310_hm23289/img_tab0301_240102.jpg]
[img.megastudy.net/Event/2021/0310_hm23289/img_tab0302_240102.jpg]
[img.megastudy.net/Event/2021/0310_hm23289/bt_apply_mega.png]
[img.megastudy.net/Event/2021/0310_hm23289/img_tab0303_230331.jpg]
[img.megastudy.net/Event/2021/0310_hm23289/img_tab0303.jpg]
[img.megastudy.net/main/banner/ban_231222_with.jpg]
[www.megastudy.net/event/2021/0310_hm23289/maina4e5.html]
[www.megastudy.net/Common/css/style4c42.css]
[img.megastudy.net/campaign/csr/2024/bg_ico_step_arrow.png]
[img.megastudy.net/campaign/csr/2024/h_tit.jpg]
[img.megastudy.net/campaign/csr/2024/img_tab1_info_ico.png]
[img.megastudy.net/campaign/csr/2024/img_tab1_historyTop_ico01.png]
[img.megastudy.net/campaign/csr/2024/img_tab1_historyTop_ico02.png]
[img.megastudy.net/campaign/csr/2024/img_exc_ico.png]
[img.megastudy.net/campaign/csr/2024/img_exc_ico02.png]
[www.megastudy.net/campaign/csr/2024/maina4e5.html]
[www.megastudy.net/scroll/banner/inc_sky_banner_modulea523.asp]
[www.megastudy.net/megaClub/withClub.html]
[www.megastudy.net/common/css/style4c42-2.css]
[img.megastudy.net/main/2017/gnbbg.gif]
[img.megastudy.net/main/2014_new/topline2.gif]
[img.megastudy.net/event/2016/0226_clean/top.jpg]
[img.megastudy.net/event/2016/0226_clean/bg1.jpg]
[img.megastudy.net/event/2016/0226_clean/bg2.jpg]
[img.megastudy.net/event/2016/0226_clean/bg3.jpg]
[img.megastudy.net/event/2016/0226_clean/b.png]
[img.megastudy.net/event/2016/0226_clean/con1.jpg]
[img.megastudy.net/event/2016/0226_clean/ani.gif]
[img.megastudy.net/event/2016/0226_clean/con2.jpg]
[img.megastudy.net/event/2016/0226_clean/con31.jpg]
[img.megastudy.net/event/2016/0226_clean/navi.png]
[www.megastudy.net/event/2019/0226_clean/main.html]
[img.megastudy.net/event/2024/1029_ss30600/bg_l_20250311.jpg]
[img.megastudy.net/event/2024/1029_ss30600/bg_r_20250311.jpg]
[img.megastudy.net/event/2024/1029_ss30600/bg_pattan.jpg]
[img.megastudy.net/event/2024/1029_ss30600/btn_vod.png]
[img.megastudy.net/event/2024/1029_ss30600/btn_p_vod.png]
[img.megastudy.net/event/2024/1029_ss30600/btn_vodopen.png]
[img.megastudy.net/event/2024/1029_ss30600/btn_vodclose.png]
[img.megastudy.net/event/2024/1029_ss30600/bg_l2.jpg]
[img.megastudy.net/event/2024/1029_ss30600/bg_r2.jpg]
[img.megastudy.net/event/2024/1029_ss30600/bg_pattan2.jpg]
[img.megastudy.net/event/2024/1029_ss30600/h_tit_20250311.jpg]
[img.megastudy.net/event/2024/1029_ss30600/btn_update_top.png]
[img.megastudy.net/event/2024/1029_ss30600/ic_cont01.png]
[img.megastudy.net/event/2024/1029_ss30600/ic_cont02.png]
[img.megastudy.net/event/2024/1029_ss30600/img_bxaward.jpg]
[img.megastudy.net/event/2024/1029_ss30600/pic_user29.png]
[img.megastudy.net/event/2024/1029_ss30600/pic_user30.png]
[img.megastudy.net/event/2024/1029_ss30600/pic_user31.png]
[img.megastudy.net/event/2024/1029_ss30600/pic_user32.png]
[img.megastudy.net/event/2024/1029_ss30600/pic_user28.png]
[img.megastudy.net/event/2024/1029_ss30600/pic_user27.png]
[img.megastudy.net/event/2024/1029_ss30600/pic_user26.png]
[img.megastudy.net/event/2024/1029_ss30600/pic_user25.png]
[img.megastudy.net/event/2024/1029_ss30600/pic_user24.png]
[img.megastudy.net/event/2024/1029_ss30600/pic_user23.png]
[img.megastudy.net/event/2024/1029_ss30600/pic_user22.png]
[img.megastudy.net/event/2024/1029_ss30600/pic_user21.png]
[img.megastudy.net/event/2024/1029_ss30600/pic_user20.png]
[img.megastudy.net/event/2024/1029_ss30600/pic_user19.png]
[img.megastudy.net/event/2024/1029_ss30600/pic_user18.png]
[img.megastudy.net/event/2024/1029_ss30600/pic_user17.png]
[img.megastudy.net/event/2024/1029_ss30600/pic_user16.png]
[img.megastudy.net/event/2024/1029_ss30600/pic_user15.png]
[img.megastudy.net/event/2024/1029_ss30600/pic_user14.png]
[img.megastudy.net/event/2024/1029_ss30600/pic_user13.png]
[img.megastudy.net/event/2024/1029_ss30600/pic_user12.png]
[img.megastudy.net/event/2024/1029_ss30600/pic_user07.png]
[img.megastudy.net/event/2024/1029_ss30600/pic_user10.png]
[img.megastudy.net/event/2024/1029_ss30600/pic_user09.png]
[img.megastudy.net/event/2024/1029_ss30600/pic_user08.png]
[img.megastudy.net/event/2024/1029_ss30600/pic_user11.png]
[img.megastudy.net/event/2024/1029_ss30600/pic_user06.png]
[img.megastudy.net/event/2024/1029_ss30600/pic_user05.png]
[img.megastudy.net/event/2024/1029_ss30600/pic_user04.png]
[img.megastudy.net/event/2024/1029_ss30600/pic_user03.png]
[img.megastudy.net/event/2024/1029_ss30600/pic_user02.png]
[img.megastudy.net/event/2024/1029_ss30600/pic_user01.png]
[img.megastudy.net/event/2024/1029_ss30600/img_evtcont01.jpg]
[img.megastudy.net/event/2024/1029_ss30600/img_float_review.png]
[img.megastudy.net/event/2024/1029_ss30600/h_logo.jpg]
[img.megastudy.net/event/2024/1029_ss30600/img_evt_award.jpg]
[img.megastudy.net/tpass/2024/0604_ps29653/ban_240604_mppc.jpg]
[www.megastudy.net/event/2024/1029_ss30600/main.html]
[www.megastudy.net/common/js/jquery/jquery-latest.js]
[img.megastudy.net/help/main/2017/left_ban2_180201.gif]
[img.megastudy.net/help/main/2017/left_ban3.gif]
[img.megastudy.net/teacher_v2/leftmenu/br_221221_rebook.gif]
[img.megastudy.net/help/main/2017/support_main_tit.gif]
[img.megastudy.net/help/main/2019/support_main_num.gif]
[img.megastudy.net/help/main/2022/btn_support_main01.png]
[img.megastudy.net/help/main/2017/faq_main_srh.gif]
[img.megastudy.net/help/main/2017/support_main_srh.gif]
[img.megastudy.net/help/main/2017/arrow_sidequick.gif]
[img.megastudy.net/mypage/2024/icon_01.png]
[img.megastudy.net/help/main/2024/icon_01.png]
[img.megastudy.net/help/main/2024/icon_02.png]
[img.megastudy.net/help/main/2025/icon_guide.png]
[www.megastudy.net/common/js/scroolMenu.js]
[www.megastudy.net/help/main.html]
[www.megastudy.net/common/js/Validation.js]
[www.google.com/recaptcha/apic0d8.js]
[www.megastudy.net/Member/member_new/member_verification_switch.html]
[www.megastudy.net/Common/login/mypage_info_ax.html]
[www.megastudy.net/megastudy.html]
[img.megastudy.net/event/2025/0312_ns31366/bg_top01.jpg]
[img.megastudy.net/event/2025/0312_ns31366/bg_top02.jpg]
[img.megastudy.net/event/2025/0312_ns31366/ico_phone_certfy.png]
[img.megastudy.net/event/2025/0312_ns31366/ico_clova_certfy.png]
[img.megastudy.net/event/2025/0312_ns31366/bg_class_status.jpg]
[img.megastudy.net/event/2025/0312_ns31366/bg_cla_line.png]
[img.megastudy.net/event/2016/0603_planner/popdot.gif]
[img.megastudy.net/event/2025/0312_ns31366/bnr_top_float01.png]
[img.megastudy.net/event/2025/0312_ns31366/img_cont0101.jpg]
[img.megastudy.net/event/2025/0312_ns31366/img_cont0102.jpg]
[img.megastudy.net/event/2025/0312_ns31366/btn_phone_on.jpg]
[img.megastudy.net/event/2025/0312_ns31366/img_cont0103.jpg]
[img.megastudy.net/event/2025/0312_ns31366/btn_coupon_on.jpg]
[img.megastudy.net/event/2025/0312_ns31366/img_event0101.jpg]
[www.megastudy.net/Event/2025/0312_ns31366/main.html]
[img.megastudy.net/mypage/2017/common.png]
[img.megastudy.net/event/2024/0903_mg30161/bg_l.jpg]
[img.megastudy.net/event/2024/0903_mg30161/bg_r.jpg]
[img.megastudy.net/event/2024/0903_mg30161/img_data_cont01_btn01.png]
[img.megastudy.net/event/2024/0903_mg30161/sp_maintab_241216.jpg]
[img.megastudy.net/event/2024/0903_mg30161/btn_fprev.png]
[img.megastudy.net/event/2024/0903_mg30161/btn_fnext.png]
[img.megastudy.net/event/2024/0903_mg30161/img_top_banner.jpg]
[img.megastudy.net/event/2024/0903_mg30161/h_tit_20250317.jpg]
[www.megastudy.net/event/2024/0903_mg30161/main20ea.html]
[img.megastudy.net/event/2021/1116_qb24572/img_event0102_240319.png]
[img.megastudy.net/event/2021/1116_qb24572/img_event01_btn_close01_240319.png]
[img.megastudy.net/event/2021/1116_qb24572/bg_top_20231212.jpg]
[img.megastudy.net/event/2021/1116_qb24572/img_cont08_pop_btn_close.png]
[img.megastudy.net/event/2021/1116_qb24572/img_cont08_pop_deco01.png]
[img.megastudy.net/event/2021/1116_qb24572/ic_treeitem01.png]
[img.megastudy.net/event/2021/1116_qb24572/ic_treeitem02.png]
[img.megastudy.net/event/2021/1116_qb24572/ic_treeitem03.png]
[img.megastudy.net/event/2021/1116_qb24572/ic_treeitem04.png]
[img.megastudy.net/event/2021/1116_qb24572/ic_treeitem01_on.png]
[img.megastudy.net/event/2021/1116_qb24572/ic_treeitem02_on.png]
[img.megastudy.net/event/2021/1116_qb24572/ic_treeitem03_on.png]
[img.megastudy.net/event/2021/1116_qb24572/ic_treeitem04_on.png]
[img.megastudy.net/event/2021/1116_qb24572/btn_lyrcls.png]
[img.megastudy.net/event/2021/1116_qb24572/img_event01_obj01.png]
[img.megastudy.net/event/2021/1116_qb24572/evtgdimg.png]
[img.megastudy.net/event/2021/1116_qb24572/bg_slide_master.jpg]
[img.megastudy.net/event/2021/1116_qb24572/btn_qcc_arrow.png]
[img.megastudy.net/event/2021/1116_qb24572/btn_slide_arrow.png]
[img.megastudy.net/event/2021/1116_qb24572/bg_tab_guide_menu_20230605.jpg]
[img.megastudy.net/event/2021/1116_qb24572/btn_zoom_close.png]
[img.megastudy.net/event/2021/1116_qb24572/btn_zoom_arrow.png]
[img.megastudy.net/event/2021/1116_qb24572/co_event5.jpg]
[img.megastudy.net/event/2021/1116_qb24572/ico_check_230119.jpg]
[img.megastudy.net/event/2021/1116_qb24572/ic_check_240613.png]
[img.megastudy.net/event/2021/1116_qb24572/btn_vote.jpg]
[img.megastudy.net/event/2021/1116_qb24572/bg_item01.jpg]
[img.megastudy.net/event/2021/1116_qb24572/bg_item02.jpg]
[img.megastudy.net/event/2021/1116_qb24572/bg_item03.jpg]
[img.megastudy.net/event/2021/1116_qb24572/bg_item04.jpg]
[img.megastudy.net/event/2021/1116_qb24572/bg_item05.jpg]
[img.megastudy.net/event/2021/1116_qb24572/ic_badge_small.png]
[img.megastudy.net/event/2021/1116_qb24572/btn_evtreset.png]
[img.megastudy.net/event/2021/1116_qb24572/bg_bakbar.png]
[img.megastudy.net/event/2021/1116_qb24572/img_bakitem.png]
[img.megastudy.net/event/2021/1116_qb24572/img_bakitem_open.png]
[img.megastudy.net/event/2021/1116_qb24572/ic_pcbtn.png]
[img.megastudy.net/event/2021/1116_qb24572/img_honey_day01.jpg]
[img.megastudy.net/event/2021/1116_qb24572/img_honey_day02.jpg]
[img.megastudy.net/event/2021/1116_qb24572/img_radio_checked_20250121.png]
[img.megastudy.net/event/2021/1116_qb24572/nav_quick_evt_250312.png]
[img.megastudy.net/event/2021/1116_qb24572/nav_quick09_231212.png]
[img.megastudy.net/event/2021/1116_qb24572/nav_quick07.png]
[img.megastudy.net/event/2021/1116_qb24572/img_quick_top.png]
[img.megastudy.net/event/2020/0214_nw21008/n_megaapp.png]
[img.megastudy.net/event/2020/0214_nw21008/n_integral.jpg]
[img.megastudy.net/event/2020/0214_nw21008/n_kim2.png]
[img.megastudy.net/event/2021/1116_qb24572/h_top_logo.jpg]
[img.megastudy.net/event/2021/1116_qb24572/h_tit_240319.jpg]
[img.megastudy.net/event/2021/1116_qb24572/img_cont0101_231212.jpg]
[img.megastudy.net/event/2021/1116_qb24572/img_cont0102_20231212.jpg]
[img.megastudy.net/event/2021/1116_qb24572/pop_image_search_240723.jpg]
[img.megastudy.net/event/2021/1116_qb24572/img_cont0201_231212.jpg]
[img.megastudy.net/event/2021/1116_qb24572/img_cont0201_flag.png]
[img.megastudy.net/event/2021/1116_qb24572/img_cont0202_231212.jpg]
[img.megastudy.net/event/2021/1116_qb24572/img_cont07_tit_20231212.jpg]
[img.megastudy.net/event/2021/1116_qb24572/img_cont0701_250312.jpg]
[img.megastudy.net/event/2021/1116_qb24572/img_cont0501_231212.jpg]
[img.megastudy.net/event/2021/1116_qb24572/img_cont0502.jpg]
[file.megastudy.net/megaQube/cast/2025/03/ImageData-20250316215332.jpg]
[file.megastudy.net/megaQube/cast/2025/03/ImageData-20250323212045.jpg]
[file.megastudy.net/megaQube/cast/2025/03/ImageData-2025031605759.jpg]
[file.megastudy.net/megaQube/cast/2025/03/ImageData-20250312225437.jpg]
[file.megastudy.net/megaQube/cast/2025/03/ImageData-2025031014281.jpg]
[file.megastudy.net/megaQube/cast/2025/03/ImageData-2025031132730.jpg]
[file.megastudy.net/megaQube/cast/2025/03/ImageData-202503051145.jpg]
